Archive member included to satisfy reference by file (symbol)

c:/stm32_eclipse/stm32toolchain/gnu-arm/5.4 2016q3/bin/../lib/gcc/arm-none-eabi/5.4.1/../../../../arm-none-eabi/lib/armv7e-m\libg_nano.a(lib_a-errno.o)
                              ./system/src/newlib/_sbrk.o (__errno)
c:/stm32_eclipse/stm32toolchain/gnu-arm/5.4 2016q3/bin/../lib/gcc/arm-none-eabi/5.4.1/../../../../arm-none-eabi/lib/armv7e-m\libg_nano.a(lib_a-impure.o)
                              c:/stm32_eclipse/stm32toolchain/gnu-arm/5.4 2016q3/bin/../lib/gcc/arm-none-eabi/5.4.1/../../../../arm-none-eabi/lib/armv7e-m\libg_nano.a(lib_a-errno.o) (_impure_ptr)
c:/stm32_eclipse/stm32toolchain/gnu-arm/5.4 2016q3/bin/../lib/gcc/arm-none-eabi/5.4.1/../../../../arm-none-eabi/lib/armv7e-m\libg_nano.a(lib_a-strlen.o)
                              ./system/src/diag/Trace.o (strlen)
c:/stm32_eclipse/stm32toolchain/gnu-arm/5.4 2016q3/bin/../lib/gcc/arm-none-eabi/5.4.1/../../../../arm-none-eabi/lib/armv7e-m\libg_nano.a(lib_a-vsnprintf.o)
                              ./system/src/diag/Trace.o (vsnprintf)
c:/stm32_eclipse/stm32toolchain/gnu-arm/5.4 2016q3/bin/../lib/gcc/arm-none-eabi/5.4.1/../../../../arm-none-eabi/lib/armv7e-m\libg_nano.a(lib_a-nano-svfprintf.o)
                              c:/stm32_eclipse/stm32toolchain/gnu-arm/5.4 2016q3/bin/../lib/gcc/arm-none-eabi/5.4.1/../../../../arm-none-eabi/lib/armv7e-m\libg_nano.a(lib_a-vsnprintf.o) (_svfprintf_r)
c:/stm32_eclipse/stm32toolchain/gnu-arm/5.4 2016q3/bin/../lib/gcc/arm-none-eabi/5.4.1/../../../../arm-none-eabi/lib/armv7e-m\libg_nano.a(lib_a-nano-vfprintf_i.o)
                              c:/stm32_eclipse/stm32toolchain/gnu-arm/5.4 2016q3/bin/../lib/gcc/arm-none-eabi/5.4.1/../../../../arm-none-eabi/lib/armv7e-m\libg_nano.a(lib_a-nano-svfprintf.o) (_printf_i)
c:/stm32_eclipse/stm32toolchain/gnu-arm/5.4 2016q3/bin/../lib/gcc/arm-none-eabi/5.4.1/../../../../arm-none-eabi/lib/armv7e-m\libg_nano.a(lib_a-memchr.o)
                              c:/stm32_eclipse/stm32toolchain/gnu-arm/5.4 2016q3/bin/../lib/gcc/arm-none-eabi/5.4.1/../../../../arm-none-eabi/lib/armv7e-m\libg_nano.a(lib_a-nano-svfprintf.o) (memchr)
c:/stm32_eclipse/stm32toolchain/gnu-arm/5.4 2016q3/bin/../lib/gcc/arm-none-eabi/5.4.1/../../../../arm-none-eabi/lib/armv7e-m\libg_nano.a(lib_a-memcpy-stub.o)
                              c:/stm32_eclipse/stm32toolchain/gnu-arm/5.4 2016q3/bin/../lib/gcc/arm-none-eabi/5.4.1/../../../../arm-none-eabi/lib/armv7e-m\libg_nano.a(lib_a-nano-svfprintf.o) (memcpy)
c:/stm32_eclipse/stm32toolchain/gnu-arm/5.4 2016q3/bin/../lib/gcc/arm-none-eabi/5.4.1/../../../../arm-none-eabi/lib/armv7e-m\libg_nano.a(lib_a-memmove.o)
                              c:/stm32_eclipse/stm32toolchain/gnu-arm/5.4 2016q3/bin/../lib/gcc/arm-none-eabi/5.4.1/../../../../arm-none-eabi/lib/armv7e-m\libg_nano.a(lib_a-nano-svfprintf.o) (memmove)
c:/stm32_eclipse/stm32toolchain/gnu-arm/5.4 2016q3/bin/../lib/gcc/arm-none-eabi/5.4.1/../../../../arm-none-eabi/lib/armv7e-m\libg_nano.a(lib_a-nano-freer.o)
                              c:/stm32_eclipse/stm32toolchain/gnu-arm/5.4 2016q3/bin/../lib/gcc/arm-none-eabi/5.4.1/../../../../arm-none-eabi/lib/armv7e-m\libg_nano.a(lib_a-nano-svfprintf.o) (_free_r)
c:/stm32_eclipse/stm32toolchain/gnu-arm/5.4 2016q3/bin/../lib/gcc/arm-none-eabi/5.4.1/../../../../arm-none-eabi/lib/armv7e-m\libg_nano.a(lib_a-nano-mallocr.o)
                              c:/stm32_eclipse/stm32toolchain/gnu-arm/5.4 2016q3/bin/../lib/gcc/arm-none-eabi/5.4.1/../../../../arm-none-eabi/lib/armv7e-m\libg_nano.a(lib_a-nano-svfprintf.o) (_malloc_r)
c:/stm32_eclipse/stm32toolchain/gnu-arm/5.4 2016q3/bin/../lib/gcc/arm-none-eabi/5.4.1/../../../../arm-none-eabi/lib/armv7e-m\libg_nano.a(lib_a-nano-reallocr.o)
                              c:/stm32_eclipse/stm32toolchain/gnu-arm/5.4 2016q3/bin/../lib/gcc/arm-none-eabi/5.4.1/../../../../arm-none-eabi/lib/armv7e-m\libg_nano.a(lib_a-nano-svfprintf.o) (_realloc_r)
c:/stm32_eclipse/stm32toolchain/gnu-arm/5.4 2016q3/bin/../lib/gcc/arm-none-eabi/5.4.1/../../../../arm-none-eabi/lib/armv7e-m\libg_nano.a(lib_a-sbrkr.o)
                              c:/stm32_eclipse/stm32toolchain/gnu-arm/5.4 2016q3/bin/../lib/gcc/arm-none-eabi/5.4.1/../../../../arm-none-eabi/lib/armv7e-m\libg_nano.a(lib_a-nano-mallocr.o) (_sbrk_r)
c:/stm32_eclipse/stm32toolchain/gnu-arm/5.4 2016q3/bin/../lib/gcc/arm-none-eabi/5.4.1/../../../../arm-none-eabi/lib/armv7e-m\libg_nano.a(lib_a-mlock.o)
                              c:/stm32_eclipse/stm32toolchain/gnu-arm/5.4 2016q3/bin/../lib/gcc/arm-none-eabi/5.4.1/../../../../arm-none-eabi/lib/armv7e-m\libg_nano.a(lib_a-nano-freer.o) (__malloc_lock)
c:/stm32_eclipse/stm32toolchain/gnu-arm/5.4 2016q3/bin/../lib/gcc/arm-none-eabi/5.4.1/../../../../arm-none-eabi/lib/armv7e-m\libg_nano.a(lib_a-nano-msizer.o)
[...]
Memory Configuration

Name             Origin             Length             Attributes
RAM              0x20000000         0x00020000         xrw
CCMRAM           0x10000000         0x00010000         xrw
FLASH            0x08000000         0x00100000         xr
FLASHB1          0x00000000         0x00000000         xr
EXTMEMB0         0x00000000         0x00000000         xr
EXTMEMB1         0x00000000         0x00000000         xr
EXTMEMB2         0x00000000         0x00000000         xr
EXTMEMB3         0x00000000         0x00000000         xr
MEMORY_ARRAY     0x20002000         0x00000020         xrw
*default*        0x00000000         0xffffffff

Linker script and memory map

LOAD ./system/src/stm32f4-hal/stm32f4xx_hal.o
LOAD ./system/src/stm32f4-hal/stm32f4xx_hal_cortex.o
LOAD ./system/src/stm32f4-hal/stm32f4xx_hal_dfsdm.o
LOAD ./system/src/stm32f4-hal/stm32f4xx_hal_flash.o
LOAD ./system/src/stm32f4-hal/stm32f4xx_hal_gpio.o
LOAD ./system/src/stm32f4-hal/stm32f4xx_hal_iwdg.o
LOAD ./system/src/stm32f4-hal/stm32f4xx_hal_pwr.o
LOAD ./system/src/stm32f4-hal/stm32f4xx_hal_rcc.o
LOAD ./system/src/newlib/_cxx.o
LOAD ./system/src/newlib/_exit.o
LOAD ./system/src/newlib/_sbrk.o
LOAD ./system/src/newlib/_startup.o
LOAD ./system/src/newlib/_syscalls.o
LOAD ./system/src/newlib/assert.o
LOAD ./system/src/diag/Trace.o
LOAD ./system/src/diag/trace_impl.o
LOAD ./system/src/cortexm/_initialize_hardware.o
LOAD ./system/src/cortexm/_reset_hardware.o
LOAD ./system/src/cortexm/exception_handlers.o
LOAD ./system/src/cmsis/system_stm32f4xx.o
LOAD ./system/src/cmsis/vectors_stm32f411xe.o
LOAD ./src/BlinkLed.o
LOAD ./src/Timer.o
LOAD ./src/_initialize_hardware.o
LOAD ./src/_write.o
LOAD ./src/main.o
LOAD ./src/stm32f4xx_hal_msp.o
LOAD c:/stm32_eclipse/stm32toolchain/gnu-arm/5.4 2016q3/bin/../lib/gcc/arm-none-eabi/5.4.1/../../../../arm-none-eabi/lib/armv7e-m\libstdc++_nano.a
LOAD c:/stm32_eclipse/stm32toolchain/gnu-arm/5.4 2016q3/bin/../lib/gcc/arm-none-eabi/5.4.1/../../../../arm-none-eabi/lib/armv7e-m\libm.a
START GROUP
LOAD c:/stm32_eclipse/stm32toolchain/gnu-arm/5.4 2016q3/bin/../lib/gcc/arm-none-eabi/5.4.1/armv7e-m\libgcc.a
LOAD c:/stm32_eclipse/stm32toolchain/gnu-arm/5.4 2016q3/bin/../lib/gcc/arm-none-eabi/5.4.1/../../../../arm-none-eabi/lib/armv7e-m\libg_nano.a
LOAD c:/stm32_eclipse/stm32toolchain/gnu-arm/5.4 2016q3/bin/../lib/gcc/arm-none-eabi/5.4.1/../../../../arm-none-eabi/lib/armv7e-m\libc_nano.a
END GROUP
START GROUP
LOAD c:/stm32_eclipse/stm32toolchain/gnu-arm/5.4 2016q3/bin/../lib/gcc/arm-none-eabi/5.4.1/armv7e-m\libgcc.a
LOAD c:/stm32_eclipse/stm32toolchain/gnu-arm/5.4 2016q3/bin/../lib/gcc/arm-none-eabi/5.4.1/../../../../arm-none-eabi/lib/armv7e-m\libc_nano.a
END GROUP
                0x20020000                __stack = (ORIGIN (RAM) + LENGTH (RAM))
                0x20020000                _estack = __stack
                0x00000400                __Main_Stack_Size = 0x400
                [!provide]                PROVIDE (_Main_Stack_Size, __Main_Stack_Size)
                0x2001fc00                __Main_Stack_Limit = (__stack - __Main_Stack_Size)
                [!provide]                PROVIDE (_Main_Stack_Limit, __Main_Stack_Limit)
                0x00000100                _Minimum_Stack_Size = 0x100
                0x2000011c                PROVIDE (_Heap_Begin, _end_noinit)
                0x2001fc00                PROVIDE (_Heap_Limit, (__stack - __Main_Stack_Size))

.isr_vector     0x08000000      0x3d0
 FILL mask 0xff
                0x08000000                __vectors_start = ABSOLUTE (.)
                0x08000000                __vectors_start__ = ABSOLUTE (.)
 *(.isr_vector)
 .isr_vector    0x08000000      0x198 ./system/src/cmsis/vectors_stm32f411xe.o
                0x08000000                __isr_vectors
 *(.cfmconfig)
 *(.after_vectors .after_vectors.*)
 .after_vectors
                0x08000198      0x130 ./system/src/newlib/_startup.o
                0x08000198                _start
 .after_vectors
                0x080002c8      0x104 ./system/src/cortexm/exception_handlers.o
                0x080002c8                Reset_Handler
                0x080002d0                NMI_Handler
                0x080002d4                HardFault_Handler
                0x080002e8                HardFault_Handler_C
                0x0800031c                MemManage_Handler
                0x08000320                BusFault_Handler
                0x08000334                BusFault_Handler_C
                0x08000368                UsageFault_Handler
                0x0800037c                UsageFault_Handler_C
                0x080003b0                SVC_Handler
                0x080003b4                DebugMon_Handler
                0x080003b8                PendSV_Handler
 .after_vectors
                0x080003cc        0x4 ./system/src/cmsis/vectors_stm32f411xe.o
                0x080003cc                RTC_Alarm_IRQHandler
                0x080003cc                EXTI2_IRQHandler
                0x080003cc                SPI4_IRQHandler
                0x080003cc                TIM1_CC_IRQHandler
                0x080003cc                DMA2_Stream5_IRQHandler
                0x080003cc                DMA1_Stream5_IRQHandler
                0x080003cc                PVD_IRQHandler
                0x080003cc                SDIO_IRQHandler
                0x080003cc                TAMP_STAMP_IRQHandler
                0x080003cc                EXTI3_IRQHandler
                0x080003cc                TIM1_UP_TIM10_IRQHandler
                0x080003cc                I2C3_ER_IRQHandler
                0x080003cc                EXTI0_IRQHandler
                0x080003cc                I2C2_EV_IRQHandler
                0x080003cc                DMA1_Stream2_IRQHandler
                0x080003cc                FPU_IRQHandler
                0x080003cc                DMA2_Stream2_IRQHandler
                0x080003cc                SPI1_IRQHandler
                0x080003cc                TIM1_BRK_TIM9_IRQHandler
                0x080003cc                DMA2_Stream3_IRQHandler
                0x080003cc                USART6_IRQHandler
                0x080003cc                DMA2_Stream0_IRQHandler
                0x080003cc                TIM4_IRQHandler
                0x080003cc                I2C1_EV_IRQHandler
                0x080003cc                DMA1_Stream6_IRQHandler
                0x080003cc                DMA1_Stream1_IRQHandler
                0x080003cc                TIM3_IRQHandler
                0x080003cc                RCC_IRQHandler
                0x080003cc                Default_Handler
                0x080003cc                EXTI15_10_IRQHandler
                0x080003cc                ADC_IRQHandler
                0x080003cc                DMA1_Stream7_IRQHandler
                0x080003cc                SPI5_IRQHandler
                0x080003cc                TIM5_IRQHandler
                0x080003cc                DMA2_Stream7_IRQHandler
                0x080003cc                I2C3_EV_IRQHandler
                0x080003cc                EXTI9_5_IRQHandler
                0x080003cc                RTC_WKUP_IRQHandler
                0x080003cc                SPI2_IRQHandler
                0x080003cc                DMA1_Stream0_IRQHandler
                0x080003cc                EXTI4_IRQHandler
                0x080003cc                WWDG_IRQHandler
                0x080003cc                TIM2_IRQHandler
                0x080003cc                OTG_FS_WKUP_IRQHandler
                0x080003cc                TIM1_TRG_COM_TIM11_IRQHandler
                0x080003cc                EXTI1_IRQHandler
                0x080003cc                USART2_IRQHandler
                0x080003cc                I2C2_ER_IRQHandler
                0x080003cc                DMA2_Stream1_IRQHandler
                0x080003cc                FLASH_IRQHandler
                0x080003cc                DMA2_Stream4_IRQHandler
                0x080003cc                USART1_IRQHandler
                0x080003cc                OTG_FS_IRQHandler
                0x080003cc                SPI3_IRQHandler
                0x080003cc                DMA1_Stream4_IRQHandler
                0x080003cc                I2C1_ER_IRQHandler
                0x080003cc                DMA2_Stream6_IRQHandler
                0x080003cc                DMA1_Stream3_IRQHandler

.inits          0x080003d0       0x28
                0x080003d0                __data_regions_array_start = .
                0x080003d0        0x4 LONG 0x800210c LOADADDR (.data)
                0x080003d4        0x4 LONG 0x20000000 ADDR (.data)
                0x080003d8        0x4 LONG 0x20000078 (ADDR (.data) + SIZEOF (.data))
                0x080003dc        0x4 LONG 0x800210c LOADADDR (.data_CCMRAM)
                0x080003e0        0x4 LONG 0x10000000 ADDR (.data_CCMRAM)
                0x080003e4        0x4 LONG 0x10000000 (ADDR (.data_CCMRAM) + SIZEOF (.data_CCMRAM))
                0x080003e8                __data_regions_array_end = .
                0x080003e8                __bss_regions_array_start = .
                0x080003e8        0x4 LONG 0x20000078 ADDR (.bss)
                0x080003ec        0x4 LONG 0x2000011c (ADDR (.bss) + SIZEOF (.bss))
                0x080003f0        0x4 LONG 0x10000000 ADDR (.bss_CCMRAM)
                0x080003f4        0x4 LONG 0x10000000 (ADDR (.bss_CCMRAM) + SIZEOF (.bss_CCMRAM))
                0x080003f8                __bss_regions_array_end = .
 *(.init)
 *(.fini)
                0x080003f8                . = ALIGN (0x4)
                0x080003f8                PROVIDE (__preinit_array_start, .)
 *(.preinit_array_sysinit .preinit_array_sysinit.*)
 *(.preinit_array_platform .preinit_array_platform.*)
 *(.preinit_array .preinit_array.*)
                0x080003f8                PROVIDE (__preinit_array_end, .)
                0x080003f8                . = ALIGN (0x4)
                0x080003f8                PROVIDE (__init_array_start, .)
 *(SORT(.init_array.*))
 *(.init_array)
                0x080003f8                PROVIDE (__init_array_end, .)
                0x080003f8                . = ALIGN (0x4)
                0x080003f8                PROVIDE (__fini_array_start, .)
 *(SORT(.fini_array.*))
 *(.fini_array)
                0x080003f8                PROVIDE (__fini_array_end, .)

.flashtext
 *(.flashtext .flashtext.*)

.text           0x08000400     0x1d0b
 *(.text .text.*)
 .text.HAL_InitTick
                0x08000400       0x2c ./system/src/stm32f4-hal/stm32f4xx_hal.o
                0x08000400                HAL_InitTick
 .text.HAL_Init
                0x0800042c       0x34 ./system/src/stm32f4-hal/stm32f4xx_hal.o
                0x0800042c                HAL_Init
 .text.HAL_IncTick
                0x08000460       0x10 ./system/src/stm32f4-hal/stm32f4xx_hal.o
                0x08000460                HAL_IncTick
 .text.HAL_GetTick
                0x08000470        0xc ./system/src/stm32f4-hal/stm32f4xx_hal.o
                0x08000470                HAL_GetTick
 .text.HAL_NVIC_SetPriorityGrouping
                0x0800047c       0x3c ./system/src/stm32f4-hal/stm32f4xx_hal_cortex.o
                0x0800047c                HAL_NVIC_SetPriorityGrouping
 .text.HAL_NVIC_SetPriority
                0x080004b8       0x84 ./system/src/stm32f4-hal/stm32f4xx_hal_cortex.o
                0x080004b8                HAL_NVIC_SetPriority
 .text.HAL_SYSTICK_Config
                0x0800053c       0x2c ./system/src/stm32f4-hal/stm32f4xx_hal_cortex.o
                0x0800053c                HAL_SYSTICK_Config
 .text.HAL_SYSTICK_CLKSourceConfig
                0x08000568       0x38 ./system/src/stm32f4-hal/stm32f4xx_hal_cortex.o
                0x08000568                HAL_SYSTICK_CLKSourceConfig
 .text.HAL_GPIO_Init
                0x080005a0      0x2cc ./system/src/stm32f4-hal/stm32f4xx_hal_gpio.o
                0x080005a0                HAL_GPIO_Init
 .text.HAL_GPIO_WritePin
                0x0800086c       0x34 ./system/src/stm32f4-hal/stm32f4xx_hal_gpio.o
                0x0800086c                HAL_GPIO_WritePin
 .text.HAL_RCC_OscConfig
                0x080008a0      0x448 ./system/src/stm32f4-hal/stm32f4xx_hal_rcc.o
                0x080008a0                HAL_RCC_OscConfig
 .text.HAL_RCC_GetSysClockFreq
                0x08000ce8       0xa0 ./system/src/stm32f4-hal/stm32f4xx_hal_rcc.o
                0x08000ce8                HAL_RCC_GetSysClockFreq
 .text.HAL_RCC_ClockConfig
                0x08000d88      0x264 ./system/src/stm32f4-hal/stm32f4xx_hal_rcc.o
                0x08000d88                HAL_RCC_ClockConfig
 .text.HAL_RCC_GetHCLKFreq
                0x08000fec        0xc ./system/src/stm32f4-hal/stm32f4xx_hal_rcc.o
                0x08000fec                HAL_RCC_GetHCLKFreq
 .text._exit    0x08000ff8        0x4 ./system/src/newlib/_exit.o
                0x08000ff8                _exit
 .text.abort    0x08000ffc       0x14 ./system/src/newlib/_exit.o
                0x08000ffc                abort
 .text._sbrk    0x08001010       0x44 ./system/src/newlib/_sbrk.o
                0x08001010                _sbrk
 .text.__initialize_args
                0x08001054       0x10 ./system/src/newlib/_syscalls.o
                0x08001054                __initialize_args
 .text.assert_failed
                0x08001064       0x14 ./system/src/newlib/assert.o
                0x08001064                assert_failed
 .text.trace_printf
                0x08001078       0x30 ./system/src/diag/Trace.o
                0x08001078                trace_printf
 .text.trace_puts
                0x080010a8       0x20 ./system/src/diag/Trace.o
                0x080010a8                trace_puts
 .text._trace_write_itm
                0x080010c8       0x48 ./system/src/diag/trace_impl.o
 .text.trace_write
                0x08001110        0x8 ./system/src/diag/trace_impl.o
                0x08001110                trace_write
 .text.__initialize_hardware_early
                0x08001118       0x18 ./system/src/cortexm/_initialize_hardware.o
                0x08001118                __initialize_hardware_early
 .text.dumpExceptionStack
                0x08001130       0xf0 ./system/src/cortexm/exception_handlers.o
                0x08001130                dumpExceptionStack
 .text.SystemInit
                0x08001220       0x40 ./system/src/cmsis/system_stm32f4xx.o
                0x08001220                SystemInit
 .text.SystemCoreClockUpdate
                0x08001260       0xa0 ./system/src/cmsis/system_stm32f4xx.o
                0x08001260                SystemCoreClockUpdate
 .text.blink_led_init
                0x08001300       0x40 ./src/BlinkLed.o
                0x08001300                blink_led_init
 .text.timer_start
                0x08001340       0x3c ./src/Timer.o
                0x08001340                timer_start
 .text.timer_sleep
                0x0800137c       0x14 ./src/Timer.o
                0x0800137c                timer_sleep
 .text.timer_tick
                0x08001390       0x14 ./src/Timer.o
                0x08001390                timer_tick
 .text.SysTick_Handler
                0x080013a4        0xc ./src/Timer.o
                0x080013a4                SysTick_Handler
 .text.SystemClock_Config
                0x080013b0       0x98 ./src/_initialize_hardware.o
                0x080013b0                SystemClock_Config
 .text.__initialize_hardware
                0x08001448       0x10 ./src/_initialize_hardware.o
                0x08001448                __initialize_hardware
 .text.main     0x08001458       0x6c ./src/main.o
                0x08001458                main
 .text.HAL_MspInit
                0x080014c4        0x4 ./src/stm32f4xx_hal_msp.o
                0x080014c4                HAL_MspInit
 .text.__errno  0x080014c8        0xc c:/stm32_eclipse/stm32toolchain/gnu-arm/5.4 2016q3/bin/../lib/gcc/arm-none-eabi/5.4.1/../../../../arm-none-eabi/lib/armv7e-m\libg_nano.a(lib_a-errno.o)
                0x080014c8                __errno
 .text          0x080014d4       0x10 c:/stm32_eclipse/stm32toolchain/gnu-arm/5.4 2016q3/bin/../lib/gcc/arm-none-eabi/5.4.1/../../../../arm-none-eabi/lib/armv7e-m\libg_nano.a(lib_a-strlen.o)
                0x080014d4                strlen
 .text._vsnprintf_r
                0x080014e4       0x56 c:/stm32_eclipse/stm32toolchain/gnu-arm/5.4 2016q3/bin/../lib/gcc/arm-none-eabi/5.4.1/../../../../arm-none-eabi/lib/armv7e-m\libg_nano.a(lib_a-vsnprintf.o)
                0x080014e4                _vsniprintf_r
                0x080014e4                _vsnprintf_r
 *fill*         0x0800153a        0x2 
 .text.vsnprintf
                0x0800153c       0x1c c:/stm32_eclipse/stm32toolchain/gnu-arm/5.4 2016q3/bin/../lib/gcc/arm-none-eabi/5.4.1/../../../../arm-none-eabi/lib/armv7e-m\libg_nano.a(lib_a-vsnprintf.o)
                0x0800153c                vsniprintf
                0x0800153c                vsnprintf
 .text.__ssputs_r
                0x08001558       0xb2 c:/stm32_eclipse/stm32toolchain/gnu-arm/5.4 2016q3/bin/../lib/gcc/arm-none-eabi/5.4.1/../../../../arm-none-eabi/lib/armv7e-m\libg_nano.a(lib_a-nano-svfprintf.o)
                0x08001558                __ssputs_r
 *fill*         0x0800160a        0x2 
 .text._svfprintf_r
                0x0800160c      0x1e8 c:/stm32_eclipse/stm32toolchain/gnu-arm/5.4 2016q3/bin/../lib/gcc/arm-none-eabi/5.4.1/../../../../arm-none-eabi/lib/armv7e-m\libg_nano.a(lib_a-nano-svfprintf.o)
                0x0800160c                _svfiprintf_r
                0x0800160c                _svfprintf_r
 .text._printf_common
                0x080017f4       0xec c:/stm32_eclipse/stm32toolchain/gnu-arm/5.4 2016q3/bin/../lib/gcc/arm-none-eabi/5.4.1/../../../../arm-none-eabi/lib/armv7e-m\libg_nano.a(lib_a-nano-vfprintf_i.o)
                0x080017f4                _printf_common
 .text._printf_i
                0x080018e0      0x24c c:/stm32_eclipse/stm32toolchain/gnu-arm/5.4 2016q3/bin/../lib/gcc/arm-none-eabi/5.4.1/../../../../arm-none-eabi/lib/armv7e-m\libg_nano.a(lib_a-nano-vfprintf_i.o)
                0x080018e0                _printf_i
 *fill*         0x08001b2c        0x4 
 .text          0x08001b30       0xa0 c:/stm32_eclipse/stm32toolchain/gnu-arm/5.4 2016q3/bin/../lib/gcc/arm-none-eabi/5.4.1/../../../../arm-none-eabi/lib/armv7e-m\libg_nano.a(lib_a-memchr.o)
                0x08001b30                memchr
 .text.memcpy   0x08001bd0       0x16 c:/stm32_eclipse/stm32toolchain/gnu-arm/5.4 2016q3/bin/../lib/gcc/arm-none-eabi/5.4.1/../../../../arm-none-eabi/lib/armv7e-m\libg_nano.a(lib_a-memcpy-stub.o)
                0x08001bd0                memcpy
 .text.memmove  0x08001be6       0x36 c:/stm32_eclipse/stm32toolchain/gnu-arm/5.4 2016q3/bin/../lib/gcc/arm-none-eabi/5.4.1/../../../../arm-none-eabi/lib/armv7e-m\libg_nano.a(lib_a-memmove.o)
                0x08001be6                memmove
 .text._free_r  0x08001c1c       0x9c c:/stm32_eclipse/stm32toolchain/gnu-arm/5.4 2016q3/bin/../lib/gcc/arm-none-eabi/5.4.1/../../../../arm-none-eabi/lib/armv7e-m\libg_nano.a(lib_a-nano-freer.o)
                0x08001c1c                _free_r
 .text._malloc_r
                0x08001cb8       0xbc c:/stm32_eclipse/stm32toolchain/gnu-arm/5.4 2016q3/bin/../lib/gcc/arm-none-eabi/5.4.1/../../../../arm-none-eabi/lib/armv7e-m\libg_nano.a(lib_a-nano-mallocr.o)
                0x08001cb8                _malloc_r
 .text._realloc_r
                0x08001d74       0x4c c:/stm32_eclipse/stm32toolchain/gnu-arm/5.4 2016q3/bin/../lib/gcc/arm-none-eabi/5.4.1/../../../../arm-none-eabi/lib/armv7e-m\libg_nano.a(lib_a-nano-reallocr.o)
                0x08001d74                _realloc_r
 .text._sbrk_r  0x08001dc0       0x20 c:/stm32_eclipse/stm32toolchain/gnu-arm/5.4 2016q3/bin/../lib/gcc/arm-none-eabi/5.4.1/../../../../arm-none-eabi/lib/armv7e-m\libg_nano.a(lib_a-sbrkr.o)
                0x08001dc0                _sbrk_r
 .text.__malloc_lock
                0x08001de0        0x2 c:/stm32_eclipse/stm32toolchain/gnu-arm/5.4 2016q3/bin/../lib/gcc/arm-none-eabi/5.4.1/../../../../arm-none-eabi/lib/armv7e-m\libg_nano.a(lib_a-mlock.o)
                0x08001de0                __malloc_lock
 .text.__malloc_unlock
                0x08001de2        0x2 c:/stm32_eclipse/stm32toolchain/gnu-arm/5.4 2016q3/bin/../lib/gcc/arm-none-eabi/5.4.1/../../../../arm-none-eabi/lib/armv7e-m\libg_nano.a(lib_a-mlock.o)
                0x08001de2                __malloc_unlock
 .text._malloc_usable_size_r
                0x08001de4       0x14 c:/stm32_eclipse/stm32toolchain/gnu-arm/5.4 2016q3/bin/../lib/gcc/arm-none-eabi/5.4.1/../../../../arm-none-eabi/lib/armv7e-m\libg_nano.a(lib_a-nano-msizer.o)
                0x08001de4                _malloc_usable_size_r
 *(.rodata .rodata.* .constdata .constdata.*)
 .rodata.str1.4
                0x08001df8       0x31 ./system/src/stm32f4-hal/stm32f4xx_hal_cortex.o
 *fill*         0x08001e29        0x3 
 .rodata.str1.4
                0x08001e2c       0x2f ./system/src/stm32f4-hal/stm32f4xx_hal_gpio.o
 *fill*         0x08001e5b        0x1 
 .rodata.APBAHBPrescTable
                0x08001e5c       0x10 ./system/src/stm32f4-hal/stm32f4xx_hal_rcc.o
                0x08001e5c                APBAHBPrescTable
 .rodata.str1.4
                0x08001e6c       0x2e ./system/src/stm32f4-hal/stm32f4xx_hal_rcc.o
 *fill*         0x08001e9a        0x2 
 .rodata.str1.4
                0x08001e9c       0x14 ./system/src/newlib/_exit.o
 .rodata.str1.4
                0x08001eb0       0x6b ./system/src/newlib/assert.o
                                 0x6f (size before relaxing)
 *fill*         0x08001f1b        0x1 
 .rodata.str1.4
                0x08001f1c       0x29 ./system/src/diag/Trace.o
                                 0x2d (size before relaxing)
 *fill*         0x08001f45        0x3 
 .rodata.str1.4
                0x08001f48      0x146 ./system/src/cortexm/exception_handlers.o
 *fill*         0x0800208e        0x2 
 .rodata.AHBPrescTable
                0x08002090       0x10 ./system/src/cmsis/system_stm32f4xx.o
                0x08002090                AHBPrescTable
 .rodata.str1.4
                0x080020a0       0x38 ./src/main.o
                                 0x37 (size before relaxing)
 .rodata.str1.1
                0x080020d8       0x11 c:/stm32_eclipse/stm32toolchain/gnu-arm/5.4 2016q3/bin/../lib/gcc/arm-none-eabi/5.4.1/../../../../arm-none-eabi/lib/armv7e-m\libg_nano.a(lib_a-nano-svfprintf.o)
 .rodata.str1.1
                0x080020e9       0x22 c:/stm32_eclipse/stm32toolchain/gnu-arm/5.4 2016q3/bin/../lib/gcc/arm-none-eabi/5.4.1/../../../../arm-none-eabi/lib/armv7e-m\libg_nano.a(lib_a-nano-vfprintf_i.o)
 *(vtable)
 *(.eh_frame*)
 *(.glue_7)
 .glue_7        0x0800210b        0x0 linker stubs
 *(.glue_7t)
 .glue_7t       0x0800210b        0x0 linker stubs

.vfp11_veneer   0x0800210c        0x0
 .vfp11_veneer  0x0800210c        0x0 linker stubs

.v4_bx          0x0800210c        0x0
 .v4_bx         0x0800210c        0x0 linker stubs

.iplt           0x0800210c        0x0
 .iplt          0x0800210c        0x0 ./system/src/stm32f4-hal/stm32f4xx_hal.o

.rel.dyn        0x0800210c        0x0
 .rel.iplt      0x0800210c        0x0 ./system/src/stm32f4-hal/stm32f4xx_hal.o

.ARM.extab
 *(.ARM.extab* .gnu.linkonce.armextab.*)
                0x0800210c                . = ALIGN (0x4)
                0x0800210c                __exidx_start = .

.ARM.exidx
 *(.ARM.exidx* .gnu.linkonce.armexidx.*)
                0x0800210c                __exidx_end = .
                0x0800210c                . = ALIGN (0x4)
                0x0800210c                _etext = .
                0x0800210c                __etext = .

.data_CCMRAM    0x10000000        0x0 load address 0x0800210c
 FILL mask 0xff
 *(.data.CCMRAM .data.CCMRAM.*)
                0x10000000                . = ALIGN (0x4)
                0x0800210c                _sidata = LOADADDR (.data)

.data           0x20000000       0x78 load address 0x0800210c
 FILL mask 0xff
                0x20000000                _sdata = .
                0x20000000                __data_start__ = .
 *(.data_begin .data_begin.*)
 .data_begin    0x20000000        0x4 ./system/src/newlib/_startup.o
 *(.data .data.*)
 .data.argv.4290
                0x20000004        0x8 ./system/src/newlib/_syscalls.o
 .data.SystemCoreClock
                0x2000000c        0x4 ./system/src/cmsis/system_stm32f4xx.o
                0x2000000c                SystemCoreClock
 .data.impure_data
                0x20000010       0x60 c:/stm32_eclipse/stm32toolchain/gnu-arm/5.4 2016q3/bin/../lib/gcc/arm-none-eabi/5.4.1/../../../../arm-none-eabi/lib/armv7e-m\libg_nano.a(lib_a-impure.o)
 .data._impure_ptr
                0x20000070        0x4 c:/stm32_eclipse/stm32toolchain/gnu-arm/5.4 2016q3/bin/../lib/gcc/arm-none-eabi/5.4.1/../../../../arm-none-eabi/lib/armv7e-m\libg_nano.a(lib_a-impure.o)
                0x20000070                _impure_ptr
 *(.data_end .data_end.*)
 .data_end      0x20000074        0x4 ./system/src/newlib/_startup.o
                0x20000078                . = ALIGN (0x4)
                0x20000078                _edata = .
                0x20000078                __data_end__ = .

.igot.plt       0x20000078        0x0 load address 0x08002184
 .igot.plt      0x20000078        0x0 ./system/src/stm32f4-hal/stm32f4xx_hal.o

.bss_CCMRAM     0x10000000        0x0
 *(.bss.CCMRAM .bss.CCMRAM.*)

.bss            0x20000078       0xa4
                0x20000078                __bss_start__ = .
                0x20000078                _sbss = .
 *(.bss_begin .bss_begin.*)
 .bss_begin     0x20000078        0x4 ./system/src/newlib/_startup.o
 *(.bss .bss.*)
 .bss.current_heap_end.3974
                0x2000007c        0x4 ./system/src/newlib/_sbrk.o
 .bss.name.4289
                0x20000080        0x1 ./system/src/newlib/_syscalls.o
 *fill*         0x20000081        0x3 
 .bss.buf.5179  0x20000084       0x80 ./system/src/diag/Trace.o
 .bss.__malloc_sbrk_start
                0x20000104        0x4 c:/stm32_eclipse/stm32toolchain/gnu-arm/5.4 2016q3/bin/../lib/gcc/arm-none-eabi/5.4.1/../../../../arm-none-eabi/lib/armv7e-m\libg_nano.a(lib_a-nano-mallocr.o)
                0x20000104                __malloc_sbrk_start
 .bss.__malloc_free_list
                0x20000108        0x4 c:/stm32_eclipse/stm32toolchain/gnu-arm/5.4 2016q3/bin/../lib/gcc/arm-none-eabi/5.4.1/../../../../arm-none-eabi/lib/armv7e-m\libg_nano.a(lib_a-nano-mallocr.o)
                0x20000108                __malloc_free_list
 *(COMMON)
 COMMON         0x2000010c        0x4 ./system/src/stm32f4-hal/stm32f4xx_hal.o
                0x2000010c                uwTick
 COMMON         0x20000110        0x4 ./system/src/newlib/_syscalls.o
                0x20000110                errno
 COMMON         0x20000114        0x4 ./src/Timer.o
                0x20000114                timer_delayCount
 *(.bss_end .bss_end.*)
 .bss_end       0x20000118        0x4 ./system/src/newlib/_startup.o
                0x2000011c                . = ALIGN (0x4)
                0x2000011c                __bss_end__ = .
                0x2000011c                _ebss = .

.noinit_CCMRAM
 *(.noinit.CCMRAM .noinit.CCMRAM.*)

.noinit         0x2000011c        0x0
                0x2000011c                _noinit = .
 *(.noinit .noinit.*)
                0x2000011c                . = ALIGN (0x4)
                0x2000011c                _end_noinit = .
                [!provide]                PROVIDE (end, _end_noinit)
                [!provide]                PROVIDE (_end, _end_noinit)
                [!provide]                PROVIDE (__end, _end_noinit)
                [!provide]                PROVIDE (__end__, _end_noinit)

._check_stack   0x2000011c      0x100
                0x2000021c                . = (. + _Minimum_Stack_Size)
 *fill*         0x2000011c      0x100 

.b1text
 *(.b1text)
 *(.b1rodata)
 *(.b1rodata.*)

.eb0text
 *(.eb0text)
 *(.eb0rodata)
 *(.eb0rodata.*)

.eb1text
 *(.eb1text)
 *(.eb1rodata)
 *(.eb1rodata.*)

.eb2text
 *(.eb2text)
 *(.eb2rodata)
 *(.eb2rodata.*)

.eb3text
 *(.eb3text)
 *(.eb3rodata)
 *(.eb3rodata.*)

.stab
 *(.stab)

.stabstr
 *(.stabstr)

.stab.excl
 *(.stab.excl)

.stab.exclstr
 *(.stab.exclstr)

.stab.index
 *(.stab.index)

.stab.indexstr
 *(.stab.indexstr)

.comment        0x00000000       0x6e
 *(.comment)
 .comment       0x00000000       0x6e ./system/src/stm32f4-hal/stm32f4xx_hal.o
                                 0x6f (size before relaxing)
 .comment       0x0000006e       0x6f ./system/src/stm32f4-hal/stm32f4xx_hal_cortex.o
 .comment       0x0000006e       0x6f ./system/src/stm32f4-hal/stm32f4xx_hal_gpio.o
 .comment       0x0000006e       0x6f ./system/src/stm32f4-hal/stm32f4xx_hal_rcc.o
 .comment       0x0000006e       0x6f ./system/src/newlib/_exit.o
 .comment       0x0000006e       0x6f ./system/src/newlib/_sbrk.o
 .comment       0x0000006e       0x6f ./system/src/newlib/_startup.o
 .comment       0x0000006e       0x6f ./system/src/newlib/_syscalls.o
 .comment       0x0000006e       0x6f ./system/src/newlib/assert.o
 .comment       0x0000006e       0x6f ./system/src/diag/Trace.o
 .comment       0x0000006e       0x6f ./system/src/diag/trace_impl.o
 .comment       0x0000006e       0x6f ./system/src/cortexm/_initialize_hardware.o
 .comment       0x0000006e       0x6f ./system/src/cortexm/exception_handlers.o
 .comment       0x0000006e       0x6f ./system/src/cmsis/system_stm32f4xx.o
 .comment       0x0000006e       0x6f ./system/src/cmsis/vectors_stm32f411xe.o
 .comment       0x0000006e       0x6f ./src/BlinkLed.o
 .comment       0x0000006e       0x6f ./src/Timer.o
 .comment       0x0000006e       0x6f ./src/_initialize_hardware.o
 .comment       0x0000006e       0x6f ./src/main.o
 .comment       0x0000006e       0x6f ./src/stm32f4xx_hal_msp.o

.ARM.attributes
                0x00000000       0x31
 .ARM.attributes
                0x00000000       0x33 ./system/src/stm32f4-hal/stm32f4xx_hal.o
 .ARM.attributes
                0x00000033       0x33 ./system/src/stm32f4-hal/stm32f4xx_hal_cortex.o
 .ARM.attributes
                0x00000066       0x33 ./system/src/stm32f4-hal/stm32f4xx_hal_gpio.o
 .ARM.attributes
                0x00000099       0x33 ./system/src/stm32f4-hal/stm32f4xx_hal_rcc.o
 .ARM.attributes
                0x000000cc       0x33 ./system/src/newlib/_exit.o
 .ARM.attributes
                0x000000ff       0x33 ./system/src/newlib/_sbrk.o
 .ARM.attributes
                0x00000132       0x33 ./system/src/newlib/_startup.o
 .ARM.attributes
                0x00000165       0x33 ./system/src/newlib/_syscalls.o
 .ARM.attributes
                0x00000198       0x33 ./system/src/newlib/assert.o
 .ARM.attributes
                0x000001cb       0x33 ./system/src/diag/Trace.o
 .ARM.attributes
                0x000001fe       0x33 ./system/src/diag/trace_impl.o
 .ARM.attributes
                0x00000231       0x33 ./system/src/cortexm/_initialize_hardware.o
 .ARM.attributes
                0x00000264       0x33 ./system/src/cortexm/exception_handlers.o
 .ARM.attributes
                0x00000297       0x33 ./system/src/cmsis/system_stm32f4xx.o
 .ARM.attributes
                0x000002ca       0x33 ./system/src/cmsis/vectors_stm32f411xe.o
 .ARM.attributes
                0x000002fd       0x33 ./src/BlinkLed.o
 .ARM.attributes
                0x00000330       0x33 ./src/Timer.o
 .ARM.attributes
                0x00000363       0x33 ./src/_initialize_hardware.o
 .ARM.attributes
                0x00000396       0x33 ./src/main.o
 .ARM.attributes
                0x000003c9       0x33 ./src/stm32f4xx_hal_msp.o
 .ARM.attributes
                0x000003fc       0x2e c:/stm32_eclipse/stm32toolchain/gnu-arm/5.4 2016q3/bin/../lib/gcc/arm-none-eabi/5.4.1/../../../../arm-none-eabi/lib/armv7e-m\libg_nano.a(lib_a-errno.o)
 .ARM.attributes
                0x0000042a       0x2e c:/stm32_eclipse/stm32toolchain/gnu-arm/5.4 2016q3/bin/../lib/gcc/arm-none-eabi/5.4.1/../../../../arm-none-eabi/lib/armv7e-m\libg_nano.a(lib_a-impure.o)
 .ARM.attributes
                0x00000458       0x17 c:/stm32_eclipse/stm32toolchain/gnu-arm/5.4 2016q3/bin/../lib/gcc/arm-none-eabi/5.4.1/../../../../arm-none-eabi/lib/armv7e-m\libg_nano.a(lib_a-strlen.o)
 .ARM.attributes
                0x0000046f       0x2e c:/stm32_eclipse/stm32toolchain/gnu-arm/5.4 2016q3/bin/../lib/gcc/arm-none-eabi/5.4.1/../../../../arm-none-eabi/lib/armv7e-m\libg_nano.a(lib_a-vsnprintf.o)
 .ARM.attributes
                0x0000049d       0x2e c:/stm32_eclipse/stm32toolchain/gnu-arm/5.4 2016q3/bin/../lib/gcc/arm-none-eabi/5.4.1/../../../../arm-none-eabi/lib/armv7e-m\libg_nano.a(lib_a-nano-svfprintf.o)
 .ARM.attributes
                0x000004cb       0x2e c:/stm32_eclipse/stm32toolchain/gnu-arm/5.4 2016q3/bin/../lib/gcc/arm-none-eabi/5.4.1/../../../../arm-none-eabi/lib/armv7e-m\libg_nano.a(lib_a-nano-vfprintf_i.o)
 .ARM.attributes
                0x000004f9       0x1c c:/stm32_eclipse/stm32toolchain/gnu-arm/5.4 2016q3/bin/../lib/gcc/arm-none-eabi/5.4.1/../../../../arm-none-eabi/lib/armv7e-m\libg_nano.a(lib_a-memchr.o)
 .ARM.attributes
                0x00000515       0x2e c:/stm32_eclipse/stm32toolchain/gnu-arm/5.4 2016q3/bin/../lib/gcc/arm-none-eabi/5.4.1/../../../../arm-none-eabi/lib/armv7e-m\libg_nano.a(lib_a-memcpy-stub.o)
 .ARM.attributes
                0x00000543       0x2e c:/stm32_eclipse/stm32toolchain/gnu-arm/5.4 2016q3/bin/../lib/gcc/arm-none-eabi/5.4.1/../../../../arm-none-eabi/lib/armv7e-m\libg_nano.a(lib_a-memmove.o)
 .ARM.attributes
                0x00000571       0x2e c:/stm32_eclipse/stm32toolchain/gnu-arm/5.4 2016q3/bin/../lib/gcc/arm-none-eabi/5.4.1/../../../../arm-none-eabi/lib/armv7e-m\libg_nano.a(lib_a-nano-freer.o)
 .ARM.attributes
                0x0000059f       0x2e c:/stm32_eclipse/stm32toolchain/gnu-arm/5.4 2016q3/bin/../lib/gcc/arm-none-eabi/5.4.1/../../../../arm-none-eabi/lib/armv7e-m\libg_nano.a(lib_a-nano-mallocr.o)
 .ARM.attributes
                0x000005cd       0x2e c:/stm32_eclipse/stm32toolchain/gnu-arm/5.4 2016q3/bin/../lib/gcc/arm-none-eabi/5.4.1/../../../../arm-none-eabi/lib/armv7e-m\libg_nano.a(lib_a-nano-reallocr.o)
 .ARM.attributes
                0x000005fb       0x2e c:/stm32_eclipse/stm32toolchain/gnu-arm/5.4 2016q3/bin/../lib/gcc/arm-none-eabi/5.4.1/../../../../arm-none-eabi/lib/armv7e-m\libg_nano.a(lib_a-sbrkr.o)
 .ARM.attributes
                0x00000629       0x2e c:/stm32_eclipse/stm32toolchain/gnu-arm/5.4 2016q3/bin/../lib/gcc/arm-none-eabi/5.4.1/../../../../arm-none-eabi/lib/armv7e-m\libg_nano.a(lib_a-mlock.o)
 .ARM.attributes
                0x00000657       0x2e c:/stm32_eclipse/stm32toolchain/gnu-arm/5.4 2016q3/bin/../lib/gcc/arm-none-eabi/5.4.1/../../../../arm-none-eabi/lib/armv7e-m\libg_nano.a(lib_a-nano-msizer.o)

.debug
 *(.debug)

.line
 *(.line)

.debug_srcinfo
 *(.debug_srcinfo)

.debug_sfnames
 *(.debug_sfnames)

.debug_aranges  0x00000000      0x550
 *(.debug_aranges)
 .debug_aranges
                0x00000000       0xc0 ./system/src/stm32f4-hal/stm32f4xx_hal.o
 .debug_aranges
                0x000000c0       0x98 ./system/src/stm32f4-hal/stm32f4xx_hal_cortex.o
 .debug_aranges
                0x00000158       0x58 ./system/src/stm32f4-hal/stm32f4xx_hal_gpio.o
 .debug_aranges
                0x000001b0       0x88 ./system/src/stm32f4-hal/stm32f4xx_hal_rcc.o
 .debug_aranges
                0x00000238       0x28 ./system/src/newlib/_exit.o
 .debug_aranges
                0x00000260       0x20 ./system/src/newlib/_sbrk.o
 .debug_aranges
                0x00000280       0x40 ./system/src/newlib/_startup.o
 .debug_aranges
                0x000002c0       0x30 ./system/src/newlib/_syscalls.o
 .debug_aranges
                0x000002f0       0x28 ./system/src/newlib/assert.o
 .debug_aranges
                0x00000318       0x38 ./system/src/diag/Trace.o
 .debug_aranges
                0x00000350       0x30 ./system/src/diag/trace_impl.o
 .debug_aranges
                0x00000380       0x28 ./system/src/cortexm/_initialize_hardware.o
 .debug_aranges
                0x000003a8       0x88 ./system/src/cortexm/exception_handlers.o
 .debug_aranges
                0x00000430       0x28 ./system/src/cmsis/system_stm32f4xx.o
 .debug_aranges
                0x00000458       0x20 ./system/src/cmsis/vectors_stm32f411xe.o
 .debug_aranges
                0x00000478       0x20 ./src/BlinkLed.o
 .debug_aranges
                0x00000498       0x38 ./src/Timer.o
 .debug_aranges
                0x000004d0       0x28 ./src/_initialize_hardware.o
 .debug_aranges
                0x000004f8       0x20 ./src/main.o
 .debug_aranges
                0x00000518       0x38 ./src/stm32f4xx_hal_msp.o

.debug_pubnames
 *(.debug_pubnames)

.debug_info     0x00000000     0x65e2
 *(.debug_info .gnu.linkonce.wi.*)
 .debug_info    0x00000000      0x86d ./system/src/stm32f4-hal/stm32f4xx_hal.o
 .debug_info    0x0000086d     0x1064 ./system/src/stm32f4-hal/stm32f4xx_hal_cortex.o
 .debug_info    0x000018d1      0x894 ./system/src/stm32f4-hal/stm32f4xx_hal_gpio.o
 .debug_info    0x00002165      0xf67 ./system/src/stm32f4-hal/stm32f4xx_hal_rcc.o
 .debug_info    0x000030cc       0xef ./system/src/newlib/_exit.o
 .debug_info    0x000031bb      0x11f ./system/src/newlib/_sbrk.o
 .debug_info    0x000032da      0x4f2 ./system/src/newlib/_startup.o
 .debug_info    0x000037cc      0x1c7 ./system/src/newlib/_syscalls.o
 .debug_info    0x00003993      0x1a3 ./system/src/newlib/assert.o
 .debug_info    0x00003b36      0x2e7 ./system/src/diag/Trace.o
 .debug_info    0x00003e1d      0x3d7 ./system/src/diag/trace_impl.o
 .debug_info    0x000041f4      0x2bf ./system/src/cortexm/_initialize_hardware.o
 .debug_info    0x000044b3      0x7b7 ./system/src/cortexm/exception_handlers.o
 .debug_info    0x00004c6a      0x4e3 ./system/src/cmsis/system_stm32f4xx.o
 .debug_info    0x0000514d       0xd1 ./system/src/cmsis/vectors_stm32f411xe.o
 .debug_info    0x0000521e      0x416 ./src/BlinkLed.o
 .debug_info    0x00005634      0x6a8 ./src/Timer.o
 .debug_info    0x00005cdc      0x515 ./src/_initialize_hardware.o
 .debug_info    0x000061f1      0x30c ./src/main.o
 .debug_info    0x000064fd       0xe5 ./src/stm32f4xx_hal_msp.o

.debug_abbrev   0x00000000     0x1c6f
 *(.debug_abbrev)
 .debug_abbrev  0x00000000      0x260 ./system/src/stm32f4-hal/stm32f4xx_hal.o
 .debug_abbrev  0x00000260      0x324 ./system/src/stm32f4-hal/stm32f4xx_hal_cortex.o
 .debug_abbrev  0x00000584      0x204 ./system/src/stm32f4-hal/stm32f4xx_hal_gpio.o
 .debug_abbrev  0x00000788      0x2d2 ./system/src/stm32f4-hal/stm32f4xx_hal_rcc.o
 .debug_abbrev  0x00000a5a       0x8e ./system/src/newlib/_exit.o
 .debug_abbrev  0x00000ae8       0xb9 ./system/src/newlib/_sbrk.o
 .debug_abbrev  0x00000ba1      0x1b6 ./system/src/newlib/_startup.o
 .debug_abbrev  0x00000d57       0xec ./system/src/newlib/_syscalls.o
 .debug_abbrev  0x00000e43       0xab ./system/src/newlib/assert.o
 .debug_abbrev  0x00000eee      0x156 ./system/src/diag/Trace.o
 .debug_abbrev  0x00001044      0x188 ./system/src/diag/trace_impl.o
 .debug_abbrev  0x000011cc       0xea ./system/src/cortexm/_initialize_hardware.o
 .debug_abbrev  0x000012b6      0x1d4 ./system/src/cortexm/exception_handlers.o
 .debug_abbrev  0x0000148a      0x104 ./system/src/cmsis/system_stm32f4xx.o
 .debug_abbrev  0x0000158e       0x9d ./system/src/cmsis/vectors_stm32f411xe.o
 .debug_abbrev  0x0000162b      0x152 ./src/BlinkLed.o
 .debug_abbrev  0x0000177d      0x1cf ./src/Timer.o
 .debug_abbrev  0x0000194c      0x14c ./src/_initialize_hardware.o
 .debug_abbrev  0x00001a98      0x16d ./src/main.o
 .debug_abbrev  0x00001c05       0x6a ./src/stm32f4xx_hal_msp.o

.debug_line     0x00000000     0xa371
 *(.debug_line)
 .debug_line    0x00000000      0xb56 ./system/src/stm32f4-hal/stm32f4xx_hal.o
 .debug_line    0x00000b56      0xc39 ./system/src/stm32f4-hal/stm32f4xx_hal_cortex.o
 .debug_line    0x0000178f      0xc84 ./system/src/stm32f4-hal/stm32f4xx_hal_gpio.o
 .debug_line    0x00002413      0xe08 ./system/src/stm32f4-hal/stm32f4xx_hal_rcc.o
 .debug_line    0x0000321b      0x325 ./system/src/newlib/_exit.o
 .debug_line    0x00003540      0x2d6 ./system/src/newlib/_sbrk.o
 .debug_line    0x00003816      0x39e ./system/src/newlib/_startup.o
 .debug_line    0x00003bb4      0x3eb ./system/src/newlib/_syscalls.o
 .debug_line    0x00003f9f      0x360 ./system/src/newlib/assert.o
 .debug_line    0x000042ff      0x393 ./system/src/diag/Trace.o
 .debug_line    0x00004692      0xa5f ./system/src/diag/trace_impl.o
 .debug_line    0x000050f1      0x9fa ./system/src/cortexm/_initialize_hardware.o
 .debug_line    0x00005aeb      0xb08 ./system/src/cortexm/exception_handlers.o
 .debug_line    0x000065f3      0x9fa ./system/src/cmsis/system_stm32f4xx.o
 .debug_line    0x00006fed       0xff ./system/src/cmsis/vectors_stm32f411xe.o
 .debug_line    0x000070ec      0x9d8 ./src/BlinkLed.o
 .debug_line    0x00007ac4      0xa50 ./src/Timer.o
 .debug_line    0x00008514      0x9f6 ./src/_initialize_hardware.o
 .debug_line    0x00008f0a      0xa73 ./src/main.o
 .debug_line    0x0000997d      0x9f4 ./src/stm32f4xx_hal_msp.o

.debug_frame    0x00000000      0xd84
 *(.debug_frame)
 .debug_frame   0x00000000      0x188 ./system/src/stm32f4-hal/stm32f4xx_hal.o
 .debug_frame   0x00000188      0x17c ./system/src/stm32f4-hal/stm32f4xx_hal_cortex.o
 .debug_frame   0x00000304       0xf8 ./system/src/stm32f4-hal/stm32f4xx_hal_gpio.o
 .debug_frame   0x000003fc      0x150 ./system/src/stm32f4-hal/stm32f4xx_hal_rcc.o
 .debug_frame   0x0000054c       0x38 ./system/src/newlib/_exit.o
 .debug_frame   0x00000584       0x28 ./system/src/newlib/_sbrk.o
 .debug_frame   0x000005ac       0x7c ./system/src/newlib/_startup.o
 .debug_frame   0x00000628       0x50 ./system/src/newlib/_syscalls.o
 .debug_frame   0x00000678       0x40 ./system/src/newlib/assert.o
 .debug_frame   0x000006b8       0x94 ./system/src/diag/Trace.o
 .debug_frame   0x0000074c       0x54 ./system/src/diag/trace_impl.o
 .debug_frame   0x000007a0       0x40 ./system/src/cortexm/_initialize_hardware.o
 .debug_frame   0x000007e0      0x144 ./system/src/cortexm/exception_handlers.o
 .debug_frame   0x00000924       0x30 ./system/src/cmsis/system_stm32f4xx.o
 .debug_frame   0x00000954       0x20 ./system/src/cmsis/vectors_stm32f411xe.o
 .debug_frame   0x00000974       0x30 ./src/BlinkLed.o
 .debug_frame   0x000009a4       0x58 ./src/Timer.o
 .debug_frame   0x000009fc       0x4c ./src/_initialize_hardware.o
 .debug_frame   0x00000a48       0x28 ./src/main.o
 .debug_frame   0x00000a70       0x50 ./src/stm32f4xx_hal_msp.o
 .debug_frame   0x00000ac0       0x20 c:/stm32_eclipse/stm32toolchain/gnu-arm/5.4 2016q3/bin/../lib/gcc/arm-none-eabi/5.4.1/../../../../arm-none-eabi/lib/armv7e-m\libg_nano.a(lib_a-errno.o)
 .debug_frame   0x00000ae0       0x48 c:/stm32_eclipse/stm32toolchain/gnu-arm/5.4 2016q3/bin/../lib/gcc/arm-none-eabi/5.4.1/../../../../arm-none-eabi/lib/armv7e-m\libg_nano.a(lib_a-vsnprintf.o)
 .debug_frame   0x00000b28       0x90 c:/stm32_eclipse/stm32toolchain/gnu-arm/5.4 2016q3/bin/../lib/gcc/arm-none-eabi/5.4.1/../../../../arm-none-eabi/lib/armv7e-m\libg_nano.a(lib_a-nano-svfprintf.o)
 .debug_frame   0x00000bb8       0x60 c:/stm32_eclipse/stm32toolchain/gnu-arm/5.4 2016q3/bin/../lib/gcc/arm-none-eabi/5.4.1/../../../../arm-none-eabi/lib/armv7e-m\libg_nano.a(lib_a-nano-vfprintf_i.o)
 .debug_frame   0x00000c18       0x28 c:/stm32_eclipse/stm32toolchain/gnu-arm/5.4 2016q3/bin/../lib/gcc/arm-none-eabi/5.4.1/../../../../arm-none-eabi/lib/armv7e-m\libg_nano.a(lib_a-memcpy-stub.o)
 .debug_frame   0x00000c40       0x28 c:/stm32_eclipse/stm32toolchain/gnu-arm/5.4 2016q3/bin/../lib/gcc/arm-none-eabi/5.4.1/../../../../arm-none-eabi/lib/armv7e-m\libg_nano.a(lib_a-memmove.o)
 .debug_frame   0x00000c68       0x38 c:/stm32_eclipse/stm32toolchain/gnu-arm/5.4 2016q3/bin/../lib/gcc/arm-none-eabi/5.4.1/../../../../arm-none-eabi/lib/armv7e-m\libg_nano.a(lib_a-nano-freer.o)
 .debug_frame   0x00000ca0       0x2c c:/stm32_eclipse/stm32toolchain/gnu-arm/5.4 2016q3/bin/../lib/gcc/arm-none-eabi/5.4.1/../../../../arm-none-eabi/lib/armv7e-m\libg_nano.a(lib_a-nano-mallocr.o)
 .debug_frame   0x00000ccc       0x3c c:/stm32_eclipse/stm32toolchain/gnu-arm/5.4 2016q3/bin/../lib/gcc/arm-none-eabi/5.4.1/../../../../arm-none-eabi/lib/armv7e-m\libg_nano.a(lib_a-nano-reallocr.o)
 .debug_frame   0x00000d08       0x2c c:/stm32_eclipse/stm32toolchain/gnu-arm/5.4 2016q3/bin/../lib/gcc/arm-none-eabi/5.4.1/../../../../arm-none-eabi/lib/armv7e-m\libg_nano.a(lib_a-sbrkr.o)
 .debug_frame   0x00000d34       0x30 c:/stm32_eclipse/stm32toolchain/gnu-arm/5.4 2016q3/bin/../lib/gcc/arm-none-eabi/5.4.1/../../../../arm-none-eabi/lib/armv7e-m\libg_nano.a(lib_a-mlock.o)
 .debug_frame   0x00000d64       0x20 c:/stm32_eclipse/stm32toolchain/gnu-arm/5.4 2016q3/bin/../lib/gcc/arm-none-eabi/5.4.1/../../../../arm-none-eabi/lib/armv7e-m\libg_nano.a(lib_a-nano-msizer.o)

.debug_str      0x00000000    0x73090
 *(.debug_str)
 .debug_str     0x00000000    0x6f757 ./system/src/stm32f4-hal/stm32f4xx_hal.o
                              0x6fb2b (size before relaxing)
 .debug_str     0x0006f757      0x3a4 ./system/src/stm32f4-hal/stm32f4xx_hal_cortex.o
                              0x6f985 (size before relaxing)
 .debug_str     0x0006fafb      0x2dd ./system/src/stm32f4-hal/stm32f4xx_hal_gpio.o
                              0x6f505 (size before relaxing)
 .debug_str     0x0006fdd8      0x393 ./system/src/stm32f4-hal/stm32f4xx_hal_rcc.o
                              0x6f6a3 (size before relaxing)
 .debug_str     0x0007016b     0x10b6 ./system/src/newlib/_exit.o
                               0x6ec1 (size before relaxing)
 .debug_str     0x00071221      0x4de ./system/src/newlib/_sbrk.o
                               0x62ac (size before relaxing)
 .debug_str     0x000716ff      0x2cc ./system/src/newlib/_startup.o
                               0x5ec7 (size before relaxing)
 .debug_str     0x000719cb      0xe18 ./system/src/newlib/_syscalls.o
                               0x710c (size before relaxing)
 .debug_str     0x000727e3       0xd5 ./system/src/newlib/assert.o
                               0x79c6 (size before relaxing)
 .debug_str     0x000728b8      0x169 ./system/src/diag/Trace.o
                               0x76b1 (size before relaxing)
 .debug_str     0x00072a21       0xe0 ./system/src/diag/trace_impl.o
                              0x70176 (size before relaxing)
 .debug_str     0x00072b01       0x5e ./system/src/cortexm/_initialize_hardware.o
                              0x6f1a2 (size before relaxing)
 .debug_str     0x00072b5f      0x1e5 ./system/src/cortexm/exception_handlers.o
                              0x702c2 (size before relaxing)
 .debug_str     0x00072d44       0x46 ./system/src/cmsis/system_stm32f4xx.o
                              0x6f293 (size before relaxing)
 .debug_str     0x00072d8a       0x59 ./system/src/cmsis/vectors_stm32f411xe.o
                               0x307e (size before relaxing)
 .debug_str     0x00072de3      0x12f ./src/BlinkLed.o
                              0x6f369 (size before relaxing)
 .debug_str     0x00072f12       0x76 ./src/Timer.o
                              0x6f644 (size before relaxing)
 .debug_str     0x00072f88       0x31 ./src/_initialize_hardware.o
                              0x6f399 (size before relaxing)
 .debug_str     0x00072fb9       0x9a ./src/main.o
                              0x703a1 (size before relaxing)
 .debug_str     0x00073053       0x3d ./src/stm32f4xx_hal_msp.o
                              0x6f0e1 (size before relaxing)

.debug_loc      0x00000000     0x1ab3
 *(.debug_loc)
 .debug_loc     0x00000000       0x92 ./system/src/stm32f4-hal/stm32f4xx_hal.o
 .debug_loc     0x00000092      0x580 ./system/src/stm32f4-hal/stm32f4xx_hal_cortex.o
 .debug_loc     0x00000612      0x4bb ./system/src/stm32f4-hal/stm32f4xx_hal_gpio.o
 .debug_loc     0x00000acd      0x57a ./system/src/stm32f4-hal/stm32f4xx_hal_rcc.o
 .debug_loc     0x00001047       0x82 ./system/src/newlib/_sbrk.o
 .debug_loc     0x000010c9      0x36e ./system/src/newlib/_startup.o
 .debug_loc     0x00001437       0x63 ./system/src/newlib/_syscalls.o
 .debug_loc     0x0000149a      0x110 ./system/src/newlib/assert.o
 .debug_loc     0x000015aa      0x102 ./system/src/diag/Trace.o
 .debug_loc     0x000016ac       0x97 ./system/src/diag/trace_impl.o
 .debug_loc     0x00001743      0x184 ./system/src/cortexm/exception_handlers.o
 .debug_loc     0x000018c7      0x132 ./system/src/cmsis/system_stm32f4xx.o
 .debug_loc     0x000019f9       0x59 ./src/Timer.o
 .debug_loc     0x00001a52       0x61 ./src/main.o

.debug_macinfo
 *(.debug_macinfo)

.debug_weaknames
 *(.debug_weaknames)

.debug_funcnames
 *(.debug_funcnames)

.debug_typenames
 *(.debug_typenames)

.debug_varnames
 *(.debug_varnames)
OUTPUT(led_test.elf elf32-littlearm)

.debug_ranges   0x00000000      0x410
 .debug_ranges  0x00000000       0xb0 ./system/src/stm32f4-hal/stm32f4xx_hal.o
 .debug_ranges  0x000000b0       0x88 ./system/src/stm32f4-hal/stm32f4xx_hal_cortex.o
 .debug_ranges  0x00000138       0x48 ./system/src/stm32f4-hal/stm32f4xx_hal_gpio.o
 .debug_ranges  0x00000180       0x78 ./system/src/stm32f4-hal/stm32f4xx_hal_rcc.o
 .debug_ranges  0x000001f8       0x18 ./system/src/newlib/_exit.o
 .debug_ranges  0x00000210       0x10 ./system/src/newlib/_sbrk.o
 .debug_ranges  0x00000220       0x30 ./system/src/newlib/_startup.o
 .debug_ranges  0x00000250       0x20 ./system/src/newlib/_syscalls.o
 .debug_ranges  0x00000270       0x18 ./system/src/newlib/assert.o
 .debug_ranges  0x00000288       0x28 ./system/src/diag/Trace.o
 .debug_ranges  0x000002b0       0x20 ./system/src/diag/trace_impl.o
 .debug_ranges  0x000002d0       0x18 ./system/src/cortexm/_initialize_hardware.o
 .debug_ranges  0x000002e8       0x78 ./system/src/cortexm/exception_handlers.o
 .debug_ranges  0x00000360       0x18 ./system/src/cmsis/system_stm32f4xx.o
 .debug_ranges  0x00000378       0x10 ./system/src/cmsis/vectors_stm32f411xe.o
 .debug_ranges  0x00000388       0x10 ./src/BlinkLed.o
 .debug_ranges  0x00000398       0x28 ./src/Timer.o
 .debug_ranges  0x000003c0       0x18 ./src/_initialize_hardware.o
 .debug_ranges  0x000003d8       0x10 ./src/main.o
 .debug_ranges  0x000003e8       0x28 ./src/stm32f4xx_hal_msp.o

.debug_macro    0x00000000    0x15deb
 .debug_macro   0x00000000      0x51a ./system/src/stm32f4-hal/stm32f4xx_hal.o
 .debug_macro   0x0000051a      0x898 ./system/src/stm32f4-hal/stm32f4xx_hal.o
 .debug_macro   0x00000db2      0x289 ./system/src/stm32f4-hal/stm32f4xx_hal.o
 .debug_macro   0x0000103b       0x31 ./system/src/stm32f4-hal/stm32f4xx_hal.o
 .debug_macro   0x0000106c       0x28 ./system/src/stm32f4-hal/stm32f4xx_hal.o
 .debug_macro   0x00001094      0x34e ./system/src/stm32f4-hal/stm32f4xx_hal.o
 .debug_macro   0x000013e2       0x35 ./system/src/stm32f4-hal/stm32f4xx_hal.o
 .debug_macro   0x00001417       0x50 ./system/src/stm32f4-hal/stm32f4xx_hal.o
 .debug_macro   0x00001467      0xe66 ./system/src/stm32f4-hal/stm32f4xx_hal.o
 .debug_macro   0x000022cd     0x5102 ./system/src/stm32f4-hal/stm32f4xx_hal.o
 .debug_macro   0x000073cf       0x43 ./system/src/stm32f4-hal/stm32f4xx_hal.o
 .debug_macro   0x00007412     0x347f ./system/src/stm32f4-hal/stm32f4xx_hal.o
 .debug_macro   0x0000a891       0x22 ./system/src/stm32f4-hal/stm32f4xx_hal.o
 .debug_macro   0x0000a8b3       0x4c ./system/src/stm32f4-hal/stm32f4xx_hal.o
 .debug_macro   0x0000a8ff       0x8d ./system/src/stm32f4-hal/stm32f4xx_hal.o
 .debug_macro   0x0000a98c       0x35 ./system/src/stm32f4-hal/stm32f4xx_hal.o
 .debug_macro   0x0000a9c1       0x9c ./system/src/stm32f4-hal/stm32f4xx_hal.o
 .debug_macro   0x0000aa5d       0x16 ./system/src/stm32f4-hal/stm32f4xx_hal.o
 .debug_macro   0x0000aa73       0x4a ./system/src/stm32f4-hal/stm32f4xx_hal.o
 .debug_macro   0x0000aabd       0x97 ./system/src/stm32f4-hal/stm32f4xx_hal.o
 .debug_macro   0x0000ab54      0x30d ./system/src/stm32f4-hal/stm32f4xx_hal.o
 .debug_macro   0x0000ae61       0xfd ./system/src/stm32f4-hal/stm32f4xx_hal.o
 .debug_macro   0x0000af5e       0x10 ./system/src/stm32f4-hal/stm32f4xx_hal.o
 .debug_macro   0x0000af6e       0x52 ./system/src/stm32f4-hal/stm32f4xx_hal.o
 .debug_macro   0x0000afc0       0x1f ./system/src/stm32f4-hal/stm32f4xx_hal.o
 .debug_macro   0x0000afdf       0x43 ./system/src/stm32f4-hal/stm32f4xx_hal.o
 .debug_macro   0x0000b022       0x20 ./system/src/stm32f4-hal/stm32f4xx_hal.o
 .debug_macro   0x0000b042      0x187 ./system/src/stm32f4-hal/stm32f4xx_hal.o
 .debug_macro   0x0000b1c9       0x10 ./system/src/stm32f4-hal/stm32f4xx_hal.o
 .debug_macro   0x0000b1d9       0x5e ./system/src/stm32f4-hal/stm32f4xx_hal.o
 .debug_macro   0x0000b237       0x1c ./system/src/stm32f4-hal/stm32f4xx_hal.o
 .debug_macro   0x0000b253       0x52 ./system/src/stm32f4-hal/stm32f4xx_hal.o
 .debug_macro   0x0000b2a5       0x40 ./system/src/stm32f4-hal/stm32f4xx_hal.o
 .debug_macro   0x0000b2e5       0x10 ./system/src/stm32f4-hal/stm32f4xx_hal.o
 .debug_macro   0x0000b2f5       0x40 ./system/src/stm32f4-hal/stm32f4xx_hal.o
 .debug_macro   0x0000b335       0xd7 ./system/src/stm32f4-hal/stm32f4xx_hal.o
 .debug_macro   0x0000b40c       0x16 ./system/src/stm32f4-hal/stm32f4xx_hal.o
 .debug_macro   0x0000b422      0x18b ./system/src/stm32f4-hal/stm32f4xx_hal.o
 .debug_macro   0x0000b5ad       0x57 ./system/src/stm32f4-hal/stm32f4xx_hal.o
 .debug_macro   0x0000b604      0x45c ./system/src/stm32f4-hal/stm32f4xx_hal.o
 .debug_macro   0x0000ba60      0x9e1 ./system/src/stm32f4-hal/stm32f4xx_hal.o
 .debug_macro   0x0000c441      0x11e ./system/src/stm32f4-hal/stm32f4xx_hal.o
 .debug_macro   0x0000c55f      0x11b ./system/src/stm32f4-hal/stm32f4xx_hal.o
 .debug_macro   0x0000c67a       0x27 ./system/src/stm32f4-hal/stm32f4xx_hal.o
 .debug_macro   0x0000c6a1      0x287 ./system/src/stm32f4-hal/stm32f4xx_hal.o
 .debug_macro   0x0000c928       0x5f ./system/src/stm32f4-hal/stm32f4xx_hal.o
 .debug_macro   0x0000c987      0x23a ./system/src/stm32f4-hal/stm32f4xx_hal.o
 .debug_macro   0x0000cbc1      0x391 ./system/src/stm32f4-hal/stm32f4xx_hal.o
 .debug_macro   0x0000cf52      0x176 ./system/src/stm32f4-hal/stm32f4xx_hal.o
 .debug_macro   0x0000d0c8       0xf9 ./system/src/stm32f4-hal/stm32f4xx_hal.o
 .debug_macro   0x0000d1c1       0x23 ./system/src/stm32f4-hal/stm32f4xx_hal.o
 .debug_macro   0x0000d1e4      0x13a ./system/src/stm32f4-hal/stm32f4xx_hal.o
 .debug_macro   0x0000d31e      0x264 ./system/src/stm32f4-hal/stm32f4xx_hal.o
 .debug_macro   0x0000d582       0x2e ./system/src/stm32f4-hal/stm32f4xx_hal.o
 .debug_macro   0x0000d5b0      0x1a7 ./system/src/stm32f4-hal/stm32f4xx_hal.o
 .debug_macro   0x0000d757       0x22 ./system/src/stm32f4-hal/stm32f4xx_hal.o
 .debug_macro   0x0000d779       0xa5 ./system/src/stm32f4-hal/stm32f4xx_hal.o
 .debug_macro   0x0000d81e      0x18b ./system/src/stm32f4-hal/stm32f4xx_hal.o
 .debug_macro   0x0000d9a9       0x24 ./system/src/stm32f4-hal/stm32f4xx_hal.o
 .debug_macro   0x0000d9cd       0x35 ./system/src/stm32f4-hal/stm32f4xx_hal.o
 .debug_macro   0x0000da02       0x79 ./system/src/stm32f4-hal/stm32f4xx_hal.o
 .debug_macro   0x0000da7b      0x11e ./system/src/stm32f4-hal/stm32f4xx_hal.o
 .debug_macro   0x0000db99       0x85 ./system/src/stm32f4-hal/stm32f4xx_hal.o
 .debug_macro   0x0000dc1e       0x89 ./system/src/stm32f4-hal/stm32f4xx_hal.o
 .debug_macro   0x0000dca7      0x31a ./system/src/stm32f4-hal/stm32f4xx_hal.o
 .debug_macro   0x0000dfc1      0x409 ./system/src/stm32f4-hal/stm32f4xx_hal.o
 .debug_macro   0x0000e3ca       0xe4 ./system/src/stm32f4-hal/stm32f4xx_hal.o
 .debug_macro   0x0000e4ae      0x48d ./system/src/stm32f4-hal/stm32f4xx_hal.o
 .debug_macro   0x0000e93b      0x22b ./system/src/stm32f4-hal/stm32f4xx_hal.o
 .debug_macro   0x0000eb66      0x202 ./system/src/stm32f4-hal/stm32f4xx_hal.o
 .debug_macro   0x0000ed68      0x6d9 ./system/src/stm32f4-hal/stm32f4xx_hal.o
 .debug_macro   0x0000f441       0x5b ./system/src/stm32f4-hal/stm32f4xx_hal.o
 .debug_macro   0x0000f49c      0x14d ./system/src/stm32f4-hal/stm32f4xx_hal.o
 .debug_macro   0x0000f5e9      0x287 ./system/src/stm32f4-hal/stm32f4xx_hal.o
 .debug_macro   0x0000f870      0x225 ./system/src/stm32f4-hal/stm32f4xx_hal.o
 .debug_macro   0x0000fa95      0x1b5 ./system/src/stm32f4-hal/stm32f4xx_hal.o
 .debug_macro   0x0000fc4a      0x2db ./system/src/stm32f4-hal/stm32f4xx_hal.o
 .debug_macro   0x0000ff25       0x89 ./system/src/stm32f4-hal/stm32f4xx_hal.o
 .debug_macro   0x0000ffae      0x1df ./system/src/stm32f4-hal/stm32f4xx_hal.o
 .debug_macro   0x0001018d      0x115 ./system/src/stm32f4-hal/stm32f4xx_hal.o
 .debug_macro   0x000102a2       0x6e ./system/src/stm32f4-hal/stm32f4xx_hal.o
 .debug_macro   0x00010310      0x11e ./system/src/stm32f4-hal/stm32f4xx_hal.o
 .debug_macro   0x0001042e      0x4cc ./system/src/stm32f4-hal/stm32f4xx_hal_cortex.o
 .debug_macro   0x000108fa      0x504 ./system/src/stm32f4-hal/stm32f4xx_hal_gpio.o
 .debug_macro   0x00010dfe      0x4f6 ./system/src/stm32f4-hal/stm32f4xx_hal_rcc.o
 .debug_macro   0x000112f4      0x19c ./system/src/newlib/_exit.o
 .debug_macro   0x00011490      0x10e ./system/src/newlib/_exit.o
 .debug_macro   0x0001159e       0x8d ./system/src/newlib/_exit.o
 .debug_macro   0x0001162b       0x35 ./system/src/newlib/_exit.o
 .debug_macro   0x00011660      0x151 ./system/src/newlib/_sbrk.o
 .debug_macro   0x000117b1      0x174 ./system/src/newlib/_sbrk.o
 .debug_macro   0x00011925       0x10 ./system/src/newlib/_sbrk.o
 .debug_macro   0x00011935      0x23b ./system/src/newlib/_sbrk.o
 .debug_macro   0x00011b70      0x15b ./system/src/newlib/_startup.o
 .debug_macro   0x00011ccb      0x89e ./system/src/newlib/_startup.o
 .debug_macro   0x00012569      0x1ff ./system/src/newlib/_syscalls.o
 .debug_macro   0x00012768       0x1c ./system/src/newlib/_syscalls.o
 .debug_macro   0x00012784       0x10 ./system/src/newlib/_syscalls.o
 .debug_macro   0x00012794       0x10 ./system/src/newlib/_syscalls.o
 .debug_macro   0x000127a4       0x10 ./system/src/newlib/_syscalls.o
 .debug_macro   0x000127b4       0x35 ./system/src/newlib/_syscalls.o
 .debug_macro   0x000127e9      0x122 ./system/src/newlib/_syscalls.o
 .debug_macro   0x0001290b       0x88 ./system/src/newlib/_syscalls.o
 .debug_macro   0x00012993       0x2b ./system/src/newlib/_syscalls.o
 .debug_macro   0x000129be      0x118 ./system/src/newlib/_syscalls.o
 .debug_macro   0x00012ad6      0x159 ./system/src/newlib/_syscalls.o
 .debug_macro   0x00012c2f       0x16 ./system/src/newlib/_syscalls.o
 .debug_macro   0x00012c45      0x1b8 ./system/src/newlib/assert.o
 .debug_macro   0x00012dfd       0x1c ./system/src/newlib/assert.o
 .debug_macro   0x00012e19      0x1d9 ./system/src/diag/Trace.o
 .debug_macro   0x00012ff2       0x4c ./system/src/diag/Trace.o
 .debug_macro   0x0001303e       0x16 ./system/src/diag/Trace.o
 .debug_macro   0x00013054      0x507 ./system/src/diag/trace_impl.o
 .debug_macro   0x0001355b      0x4d6 ./system/src/cortexm/_initialize_hardware.o
 .debug_macro   0x00013a31      0x535 ./system/src/cortexm/exception_handlers.o
 .debug_macro   0x00013f66       0x3b ./system/src/cortexm/exception_handlers.o
 .debug_macro   0x00013fa1       0x22 ./system/src/cortexm/exception_handlers.o
 .debug_macro   0x00013fc3      0x4d2 ./system/src/cmsis/system_stm32f4xx.o
 .debug_macro   0x00014495       0x34 ./system/src/cmsis/vectors_stm32f411xe.o
 .debug_macro   0x000144c9      0x4db ./src/BlinkLed.o
 .debug_macro   0x000149a4       0x28 ./src/BlinkLed.o
 .debug_macro   0x000149cc      0x4ef ./src/Timer.o
 .debug_macro   0x00014ebb       0x10 ./src/Timer.o
 .debug_macro   0x00014ecb      0x4cc ./src/_initialize_hardware.o
 .debug_macro   0x00015397      0x55a ./src/main.o
 .debug_macro   0x000158f1       0x2e ./src/main.o
 .debug_macro   0x0001591f      0x4cc ./src/stm32f4xx_hal_msp.o
